BL51 BANKED LINKER/LOCATER V6.22                                                        03/14/2020  00:26:04  PAGE 1


BL51 BANKED LINKER/LOCATER V6.22, INVOKED BY:
D:\KEIL\C51\BIN\BL51.EXE STARTUP.obj, æÿ’Ûº¸≈Ãµƒª˘±æ≤Ÿ◊˜.obj TO æÿ’Ûº¸≈Ã RAMSIZE (256)


MEMORY MODEL: SMALL


INPUT MODULES INCLUDED:
  STARTUP.obj (?C_STARTUP)
  æÿ’Ûº¸≈Ãµƒª˘±æ≤Ÿ◊˜.obj (__________________)


LINK MAP OF MODULE:  æÿ’Ûº¸≈Ã (?C_STARTUP)


            TYPE    BASE      LENGTH    RELOCATION   SEGMENT NAME
            -----------------------------------------------------

            * * * * * * *   D A T A   M E M O R Y   * * * * * * *
            REG     0000H     0008H     ABSOLUTE     "REG BANK 0"
            DATA    0008H     0001H     UNIT         ?DT?__________________
            IDATA   0009H     0001H     UNIT         ?STACK

            * * * * * * *   C O D E   M E M O R Y   * * * * * * *
            CODE    0000H     0003H     ABSOLUTE     
                    0003H     07FDH                  *** GAP ***
            CODE    0800H     00F2H     UNIT         ?PR?SCANKEY?__________________
            CODE    08F2H     0033H     UNIT         ?PR?_SELECTHC573?__________________
            CODE    0925H     0018H     UNIT         ?PR?_DISPLAYKEYNUM?__________________
            CODE    093DH     0013H     UNIT         ?CO?__________________
            CODE    0950H     000CH     UNIT         ?C_C51STARTUP
            CODE    095CH     000BH     UNIT         ?PR?_DELAY?__________________
            CODE    0967H     0005H     UNIT         ?PR?MAIN?__________________



OVERLAY MAP OF MODULE:   æÿ’Ûº¸≈Ã (?C_STARTUP)


SEGMENT
  +--> CALLED SEGMENT
---------------------
?C_C51STARTUP
  +--> ?PR?MAIN?__________________

?PR?MAIN?__________________
  +--> ?PR?SCANKEY?__________________

?PR?SCANKEY?__________________
  +--> ?PR?_DISPLAYKEYNUM?__________________

?PR?_DISPLAYKEYNUM?__________________
  +--> ?CO?__________________
  +--> ?PR?_SELECTHC573?__________________



SYMBOL TABLE OF MODULE:  æÿ’Ûº¸≈Ã (?C_STARTUP)
BL51 BANKED LINKER/LOCATER V6.22                                                      03/14/2020  00:26:04  PAGE 2



  VALUE           TYPE          NAME
  ----------------------------------

  -------         MODULE        ?C_STARTUP
  C:0950H         SEGMENT       ?C_C51STARTUP
  I:0009H         SEGMENT       ?STACK
  C:0000H         PUBLIC        ?C_STARTUP
  D:00E0H         SYMBOL        ACC
  D:00F0H         SYMBOL        B
  D:0083H         SYMBOL        DPH
  D:0082H         SYMBOL        DPL
  N:0000H         SYMBOL        IBPSTACK
  N:0100H         SYMBOL        IBPSTACKTOP
  N:0080H         SYMBOL        IDATALEN
  C:0953H         SYMBOL        IDATALOOP
  N:0000H         SYMBOL        PBPSTACK
  N:0100H         SYMBOL        PBPSTACKTOP
  N:0000H         SYMBOL        PDATALEN
  N:0000H         SYMBOL        PDATASTART
  N:0000H         SYMBOL        PPAGE
  N:0000H         SYMBOL        PPAGEENABLE
  D:00A0H         SYMBOL        PPAGE_SFR
  D:0081H         SYMBOL        SP
  C:0950H         SYMBOL        STARTUP1
  N:0000H         SYMBOL        XBPSTACK
  N:0000H         SYMBOL        XBPSTACKTOP
  N:0000H         SYMBOL        XDATALEN
  N:0000H         SYMBOL        XDATASTART
  C:0000H         LINE#         126
  C:0950H         LINE#         133
  C:0952H         LINE#         134
  C:0953H         LINE#         135
  C:0954H         LINE#         136
  C:0956H         LINE#         185
  C:0959H         LINE#         196
  -------         ENDMOD        ?C_STARTUP

  -------         MODULE        __________________
  C:0000H         SYMBOL        _ICE_DUMMY_
  D:0080H         PUBLIC        P0
  D:0090H         PUBLIC        P1
  D:00A0H         PUBLIC        P2
  B:00B0H.0       PUBLIC        R1
  D:00B0H         PUBLIC        P3
  B:00B0H.1       PUBLIC        R2
  D:00C0H         PUBLIC        P4
  B:00B0H.2       PUBLIC        R3
  D:00C8H         PUBLIC        P5
  B:00B0H.3       PUBLIC        R4
  D:00E8H         PUBLIC        P6
  D:00F8H         PUBLIC        P7
  D:00A8H         PUBLIC        IE
  C:08F2H         PUBLIC        _SelectHC573
  D:00B8H         PUBLIC        IP
  C:093DH         PUBLIC        SMG_Duanma
  D:00D8H         PUBLIC        CCON
BL51 BANKED LINKER/LOCATER V6.22                                                      03/14/2020  00:26:04  PAGE 3


  C:0967H         PUBLIC        main
  C:0800H         PUBLIC        ScanKey
  D:0098H         PUBLIC        SCON
  D:0088H         PUBLIC        TCON
  C:092CH         PUBLIC        _DisplayKeyNum
  C:095CH         PUBLIC        _Delay
  B:00C0H.4       PUBLIC        C1
  B:00C0H.2       PUBLIC        C2
  B:00B0H.5       PUBLIC        C3
  B:00B0H.4       PUBLIC        C4
  D:00D0H         PUBLIC        PSW
  D:0008H         PUBLIC        key_num
  -------         PROC          _DELAY
  D:0006H         SYMBOL        t
  C:095CH         LINE#         21
  C:095CH         LINE#         22
  C:095CH         LINE#         23
  C:0966H         LINE#         24
  -------         ENDPROC       _DELAY
  -------         PROC          _SELECTHC573
  D:0007H         SYMBOL        channel
  C:08F2H         LINE#         26
  C:08F2H         LINE#         27
  C:08F2H         LINE#         28
  C:0901H         LINE#         29
  C:0901H         LINE#         30
  C:0901H         LINE#         31
  C:0909H         LINE#         32
  C:090AH         LINE#         33
  C:090AH         LINE#         34
  C:0912H         LINE#         35
  C:0913H         LINE#         36
  C:0913H         LINE#         37
  C:091BH         LINE#         38
  C:091CH         LINE#         39
  C:091CH         LINE#         40
  C:0924H         LINE#         41
  C:0924H         LINE#         42
  C:0924H         LINE#         43
  -------         ENDPROC       _SELECTHC573
  C:0925H         SYMBOL        L?0087
  -------         PROC          L?0086
  -------         ENDPROC       L?0086
  C:0925H         SYMBOL        L?0087
  -------         PROC          _DISPLAYKEYNUM
  D:0006H         SYMBOL        value
  C:092CH         LINE#         45
  C:092EH         LINE#         46
  C:092EH         LINE#         47
  C:0933H         LINE#         48
  C:0936H         LINE#         49
  C:093AH         LINE#         50
  C:093CH         LINE#         51
  -------         ENDPROC       _DISPLAYKEYNUM
  -------         PROC          SCANKEY
  C:0800H         LINE#         55
  C:0800H         LINE#         56
BL51 BANKED LINKER/LOCATER V6.22                                                      03/14/2020  00:26:04  PAGE 4


  C:0800H         LINE#         57
  C:0802H         LINE#         58
  C:0808H         LINE#         59
  C:0810H         LINE#         60
  C:0813H         LINE#         61
  C:0813H         LINE#         63
  C:0816H         LINE#         64
  C:0816H         LINE#         65
  C:0818H         LINE#         66
  C:081BH         LINE#         67
  C:081BH         LINE#         68
  C:081EH         LINE#         69
  C:0821H         LINE#         70
  C:0821H         LINE#         71
  C:0823H         LINE#         72
  C:0826H         LINE#         73
  C:0826H         LINE#         74
  C:0829H         LINE#         75
  C:082CH         LINE#         76
  C:082CH         LINE#         77
  C:082EH         LINE#         78
  C:0831H         LINE#         79
  C:0831H         LINE#         80
  C:0834H         LINE#         81
  C:0837H         LINE#         82
  C:083AH         LINE#         83
  C:083AH         LINE#         85
  C:083CH         LINE#         86
  C:0842H         LINE#         87
  C:084AH         LINE#         88
  C:084DH         LINE#         89
  C:084DH         LINE#         90
  C:0850H         LINE#         91
  C:0853H         LINE#         92
  C:0853H         LINE#         93
  C:0855H         LINE#         94
  C:0858H         LINE#         95
  C:0858H         LINE#         96
  C:085BH         LINE#         97
  C:085EH         LINE#         98
  C:085EH         LINE#         99
  C:0860H         LINE#         100
  C:0863H         LINE#         101
  C:0863H         LINE#         102
  C:0866H         LINE#         103
  C:0869H         LINE#         104
  C:0869H         LINE#         105
  C:086BH         LINE#         106
  C:086EH         LINE#         107
  C:086EH         LINE#         108
  C:0871H         LINE#         109
  C:0874H         LINE#         110
  C:0877H         LINE#         111
  C:0877H         LINE#         113
  C:0879H         LINE#         114
  C:087FH         LINE#         115
  C:0887H         LINE#         116
BL51 BANKED LINKER/LOCATER V6.22                                                      03/14/2020  00:26:04  PAGE 5


  C:088AH         LINE#         117
  C:088AH         LINE#         118
  C:088DH         LINE#         119
  C:0890H         LINE#         120
  C:0890H         LINE#         121
  C:0892H         LINE#         122
  C:0895H         LINE#         123
  C:0895H         LINE#         124
  C:0898H         LINE#         125
  C:089BH         LINE#         126
  C:089BH         LINE#         127
  C:089DH         LINE#         128
  C:08A0H         LINE#         129
  C:08A0H         LINE#         130
  C:08A3H         LINE#         131
  C:08A6H         LINE#         132
  C:08A6H         LINE#         133
  C:08A8H         LINE#         134
  C:08ABH         LINE#         135
  C:08ABH         LINE#         136
  C:08AEH         LINE#         137
  C:08B1H         LINE#         138
  C:08B4H         LINE#         139
  C:08B4H         LINE#         141
  C:08B6H         LINE#         142
  C:08BCH         LINE#         143
  C:08C4H         LINE#         144
  C:08C7H         LINE#         145
  C:08C7H         LINE#         146
  C:08CAH         LINE#         147
  C:08CDH         LINE#         148
  C:08CDH         LINE#         149
  C:08CFH         LINE#         150
  C:08D2H         LINE#         151
  C:08D2H         LINE#         152
  C:08D5H         LINE#         153
  C:08D8H         LINE#         154
  C:08D8H         LINE#         155
  C:08DAH         LINE#         156
  C:08DDH         LINE#         157
  C:08DDH         LINE#         158
  C:08E0H         LINE#         159
  C:08E3H         LINE#         160
  C:08E3H         LINE#         161
  C:08E5H         LINE#         162
  C:08E8H         LINE#         163
  C:08E8H         LINE#         164
  C:08EBH         LINE#         165
  C:08EEH         LINE#         166
  C:08F1H         LINE#         167
  C:08F1H         LINE#         170
  -------         ENDPROC       SCANKEY
  -------         PROC          MAIN
  C:0967H         LINE#         174
  C:0967H         LINE#         175
  C:0967H         LINE#         176
  C:0967H         LINE#         177
BL51 BANKED LINKER/LOCATER V6.22                                                      03/14/2020  00:26:04  PAGE 6


  C:0967H         LINE#         178
  C:096AH         LINE#         179
  -------         ENDPROC       MAIN
  -------         ENDMOD        __________________

*** WARNING L16: UNCALLED SEGMENT, IGNORED FOR OVERLAY PROCESS
    SEGMENT: ?PR?_DELAY?__________________

******************************************************************************
* RESTRICTED VERSION WITH 0800H BYTE CODE SIZE LIMIT; USED: 016FH BYTE (17%) *
******************************************************************************

Program Size: data=10.0 xdata=0 code=367
LINK/LOCATE RUN COMPLETE.  1 WARNING(S),  0 ERROR(S)
