C51 COMPILER V9.52.0.0   SMG                                                               04/02/2020 17:55:42 PAGE 1   


C51 COMPILER V9.52.0.0, COMPILATION OF MODULE SMG
OBJECT MODULE PLACED IN ..\Output\smg.obj
COMPILER INVOKED BY: D:\Keil\C51\BIN\C51.EXE ..\System\smg.c BROWSE INCDIR(..\Main;..\System;..\Library) DEBUG OBJECTEXT
                    -END PRINT(.\smg.lst) TABS(2) OBJECT(..\Output\smg.obj)

line level    source

   1          #include"smg.h"
   2          
   3          unsigned char code duanma[20]=
   4                  {0xc0,0xf9,0xa4,0xb0,0x99,0x92,0x82,0xf8,
   5                   0x80,0x90,0x88,0x80,0xc6,0xc0,0x86,0x8e,
   6                   0xbf,0x7f,0x3f,0xFF};
   7          unsigned char display_buffer[8]={0,0,0,0,0,0,0,0};
   8                   
   9          void SMGDisplay_Bit(unsigned char pos,unsigned char value) //数码管按位显示
  10          {
  11   1        SelectHC573(6);
  12   1        P0=0x01<<pos;
  13   1        SelectHC573(7);
  14   1        P0=value;
  15   1      }
  16          
  17          void Display_Buffer_Change(unsigned char d0,d1,d2,d3,d4,d5,d6,d7)
  18          {
  19   1        
  20   1        
  21   1        display_buffer[0]=d0;  //display_buffer change
  22   1        display_buffer[1]=d1;
  23   1        display_buffer[2]=d2;
  24   1        display_buffer[3]=d3;
  25   1        display_buffer[4]=d4;
  26   1        display_buffer[5]=d5;
  27   1        display_buffer[6]=d6;
  28   1        display_buffer[7]=d7;
  29   1      }
  30          void Display_SMG_DT()
  31          {
  32   1        static unsigned char num=0;
  33   1        SelectHC573(7);
  34   1        P0=0xff;   //消影
  35   1        SMGDisplay_Bit(num,duanma[display_buffer[num]]);
  36   1        num++;
  37   1      
  38   1        if(num==8)
  39   1          num=0;
  40   1      }


MODULE INFORMATION:   STATIC OVERLAYABLE
   CODE SIZE        =     90    ----
   CONSTANT SIZE    =     20    ----
   XDATA SIZE       =   ----    ----
   PDATA SIZE       =   ----    ----
   DATA SIZE        =      9      17
   IDATA SIZE       =   ----    ----
   BIT SIZE         =   ----    ----
END OF MODULE INFORMATION.


C51 COMPILATION COMPLETE.  0 WARNING(S),  0 ERROR(S)
