C51 COMPILER V9.52.0.0   NIXIE                                                             04/06/2020 00:19:16 PAGE 1   


C51 COMPILER V9.52.0.0, COMPILATION OF MODULE NIXIE
OBJECT MODULE PLACED IN ..\Output\nixie.obj
COMPILER INVOKED BY: D:\Keil\C51\BIN\C51.EXE ..\System\nixie.c BROWSE INCDIR(..\Main;..\System;..\Library) DEBUG OBJECTE
                    -XTEND PRINT(.\nixie.lst) TABS(2) OBJECT(..\Output\nixie.obj)

line level    source

   1          #include"nixie.h"
   2          
   3          signed char code duanma[20]=
   4                        {0xc0,0xf9,0xa4,0xb0,0x99,0x92,0x82,0xf8,
   5                         0x80,0x90,0x88,0x80,0xc6,0xc0,0x86,0x8e,
   6                         0xbf,0x7f,0x3f,0xFF};
   7          signed char display_buffer[8]={0,0,0,0,0,0,0,0};  //数码管显示缓存
   8                         
   9          void Display_Bit(unsigned char pos,unsigned char value) //数码管按位显示
  10          {
  11   1        
  12   1        SelectHC573(6);
  13   1        P0=0x01<<pos;
  14   1        SelectHC573(7);
  15   1        P0=value;
  16   1      }
  17          
  18          void Display_Buffer_Change(unsigned char d0,d1,d2,d3,d4,d5,d6,d7) //显示缓存函数
  19          {
  20   1          display_buffer[0]=d0;
  21   1          display_buffer[1]=d1;
  22   1          display_buffer[2]=d2;
  23   1          display_buffer[3]=d3;
  24   1          display_buffer[4]=d4;
  25   1          display_buffer[5]=d5;
  26   1          display_buffer[6]=d6;
  27   1          display_buffer[7]=d7;
  28   1      }
  29          
  30          void Display_DT()   //数码管动态显示函数
  31          {
  32   1        static unsigned char num=0;
  33   1        SelectHC573(7);
  34   1        P0=0xff;     //消影
  35   1        Display_Bit(num,duanma[display_buffer[num]]);
  36   1        num++;
  37   1        if(num==8)
  38   1          num=0;
  39   1      }


MODULE INFORMATION:   STATIC OVERLAYABLE
   CODE SIZE        =    103    ----
   CONSTANT SIZE    =     20    ----
   XDATA SIZE       =   ----    ----
   PDATA SIZE       =   ----    ----
   DATA SIZE        =      9      17
   IDATA SIZE       =   ----    ----
   BIT SIZE         =   ----    ----
END OF MODULE INFORMATION.


C51 COMPILATION COMPLETE.  0 WARNING(S),  0 ERROR(S)
